

==================================================================================
=== CALIBRE::DRC-H SUMMARY REPORT
===
Execution Date/Time:       Fri Oct  4 12:33:38 2019
Calibre Version:           v2017.2_28.22    Tue Jun 6 14:38:29 PDT 2017
Rule File Pathname:        /local/scratch/a/socet30/mitll90_june2018_all_socet30/DRC1/_soi90nm_drc_top.rules_
Rule File Title:           
Layout System:             GDS
Layout Path(s):            dig_poly_NAND_NOR2_x1.calibre.db
Layout Primary Cell:       dig_poly_NAND_NOR2_x1
Current Directory:         /local/scratch/a/socet30/mitll90_june2018_all_socet30/DRC1
User Name:                 socet30
Maximum Results/RuleCheck: ALL
Maximum Result Vertices:   4096
DRC Results Database:      dig_poly_NAND_NOR2_x1.drc.results (ASCII)
Layout Depth:              ALL
Text Depth:                PRIMARY
Summary Report File:       dig_poly_NAND_NOR2_x1.drc.summary (REPLACE)
Geometry Flagging:         ACUTE = NO  SKEW = NO  ANGLED = NO  OFFGRID = NO
                           NONSIMPLE POLYGON = NO  NONSIMPLE PATH = NO
Excluded Cells:           
CheckText Mapping:         COMMENT TEXT + RULE FILE INFORMATION
Layers:                    MEMORY-BASED
Keep Empty Checks:         YES
----------------------------------------------------------------------------------
--- RUNTIME WARNINGS
---
----------------------------------------------------------------------------------
--- ORIGINAL LAYER STATISTICS
---
LAYER ACTXPP ..... TOTAL Original Geometry Count = 0  (0)
LAYER ACT ........ TOTAL Original Geometry Count = 17 (108)
LAYER ACTGENF .... TOTAL Original Geometry Count = 0  (0)
LAYER ACTFIL ..... TOTAL Original Geometry Count = 0  (0)
LAYER DEVR ....... TOTAL Original Geometry Count = 0  (0)
LAYER DEVC ....... TOTAL Original Geometry Count = 0  (0)
LAYER DEVL ....... TOTAL Original Geometry Count = 0  (0)
LAYER DEVD ....... TOTAL Original Geometry Count = 0  (0)
LAYER POLY ....... TOTAL Original Geometry Count = 48 (177)
LAYER POLYFIL .... TOTAL Original Geometry Count = 0  (0)
LAYER POLYGENF ... TOTAL Original Geometry Count = 0  (0)
LAYER POLYOPC .... TOTAL Original Geometry Count = 0  (0)
LAYER POLYXOPC ... TOTAL Original Geometry Count = 0  (0)
LAYER M1 ......... TOTAL Original Geometry Count = 56 (121)
LAYER M1FIL ...... TOTAL Original Geometry Count = 0  (0)
LAYER M1GENF ..... TOTAL Original Geometry Count = 0  (0)
LAYER M1OPC ...... TOTAL Original Geometry Count = 0  (0)
LAYER M2GENF ..... TOTAL Original Geometry Count = 0  (0)
LAYER M2FIL ...... TOTAL Original Geometry Count = 0  (0)
LAYER M2 ......... TOTAL Original Geometry Count = 13 (23)
LAYER M3GENF ..... TOTAL Original Geometry Count = 0  (0)
LAYER M3FIL ...... TOTAL Original Geometry Count = 0  (0)
LAYER M3 ......... TOTAL Original Geometry Count = 0  (0)
LAYER M4GENF ..... TOTAL Original Geometry Count = 0  (0)
LAYER M4FIL ...... TOTAL Original Geometry Count = 0  (0)
LAYER M4 ......... TOTAL Original Geometry Count = 0  (0)
LAYER M5GENF ..... TOTAL Original Geometry Count = 0  (0)
LAYER M5FIL ...... TOTAL Original Geometry Count = 0  (0)
LAYER M5 ......... TOTAL Original Geometry Count = 0  (0)
LAYER MTK1GENF ... TOTAL Original Geometry Count = 0  (0)
LAYER MTK1FIL .... TOTAL Original Geometry Count = 0  (0)
LAYER MTK1 ....... TOTAL Original Geometry Count = 0  (0)
LAYER MRF1GENF ... TOTAL Original Geometry Count = 0  (0)
LAYER MRF1FIL .... TOTAL Original Geometry Count = 0  (0)
LAYER MRF1 ....... TOTAL Original Geometry Count = 0  (0)
LAYER BM1 ........ TOTAL Original Geometry Count = 0  (0)
LAYER BOGC1 ...... TOTAL Original Geometry Count = 0  (0)
LAYER CONFIL ..... TOTAL Original Geometry Count = 0  (0)
LAYER CON ........ TOTAL Original Geometry Count = 12 (76)
LAYER HV ......... TOTAL Original Geometry Count = 0  (0)
LAYER CAPP ....... TOTAL Original Geometry Count = 0  (0)
LAYER PSD ........ TOTAL Original Geometry Count = 23 (36)
LAYER NSD ........ TOTAL Original Geometry Count = 23 (36)
LAYER NODEG ...... TOTAL Original Geometry Count = 0  (0)
LAYER FLGCHAN .... TOTAL Original Geometry Count = 0  (0)
LAYER VTN1 ....... TOTAL Original Geometry Count = 2  (14)
LAYER VTP1 ....... TOTAL Original Geometry Count = 2  (14)
LAYER VTN2 ....... TOTAL Original Geometry Count = 0  (0)
LAYER VTP2 ....... TOTAL Original Geometry Count = 0  (0)
LAYER VTN3 ....... TOTAL Original Geometry Count = 0  (0)
LAYER VTP3 ....... TOTAL Original Geometry Count = 0  (0)
LAYER CAPN ....... TOTAL Original Geometry Count = 0  (0)
LAYER NOSDX ...... TOTAL Original Geometry Count = 0  (0)
LAYER THKOX ...... TOTAL Original Geometry Count = 0  (0)
LAYER NOSLC ...... TOTAL Original Geometry Count = 0  (0)
LAYER TGSRF ...... TOTAL Original Geometry Count = 0  (0)
LAYER V12 ........ TOTAL Original Geometry Count = 1  (11)
LAYER OGCM1 ...... TOTAL Original Geometry Count = 0  (0)
LAYER V23 ........ TOTAL Original Geometry Count = 0  (0)
LAYER V34 ........ TOTAL Original Geometry Count = 0  (0)
LAYER V45 ........ TOTAL Original Geometry Count = 0  (0)
LAYER VK01 ....... TOTAL Original Geometry Count = 0  (0)
LAYER VR01 ....... TOTAL Original Geometry Count = 0  (0)
LAYER OGC ........ TOTAL Original Geometry Count = 0  (0)
LAYER BV01 ....... TOTAL Original Geometry Count = 0  (0)
LAYER 3DVC ....... TOTAL Original Geometry Count = 0  (0)
LAYER 3DVP ....... TOTAL Original Geometry Count = 0  (0)
LAYER EXTS ....... TOTAL Original Geometry Count = 0  (0)
LAYER M1PIN ...... TOTAL Original Geometry Count = 15 (21)
LAYER M2PIN ...... TOTAL Original Geometry Count = 2  (2)
LAYER M3PIN ...... TOTAL Original Geometry Count = 0  (0)
LAYER M4PIN ...... TOTAL Original Geometry Count = 0  (0)
LAYER M5PIN ...... TOTAL Original Geometry Count = 0  (0)
LAYER MTK1PIN .... TOTAL Original Geometry Count = 0  (0)
LAYER MRF1PIN .... TOTAL Original Geometry Count = 0  (0)
LAYER XLP ........ TOTAL Original Geometry Count = 0  (0)
----------------------------------------------------------------------------------
--- RULECHECK RESULTS STATISTICS
---
RULECHECK R_01.001_ACT_GRID ..................... TOTAL Result Count = 0 (0)
RULECHECK R_01.01_ACT_WIDTH ..................... TOTAL Result Count = 0 (0)
RULECHECK R_01.02_ACT_SPC ....................... TOTAL Result Count = 0 (0)
RULECHECK R_01.03_ACT_EXT ....................... TOTAL Result Count = 0 (0)
RULECHECK R_01.04_ACTF_ISOLATION ................ TOTAL Result Count = 0 (0)
RULECHECK R_01.05_ACT_AREA ...................... TOTAL Result Count = 0 (0)
RULECHECK W_01.01_ACT_NOCON ..................... TOTAL Result Count = 0 (0)
RULECHECK W_01.02_ACTXPP_WARN ................... TOTAL Result Count = 0 (0)
RULECHECK R_02.001_VTN1_GRID .................... TOTAL Result Count = 0 (0)
RULECHECK R_02.01_VTN1_WIDTH .................... TOTAL Result Count = 0 (0)
RULECHECK R_02.02_VTN1_CHAN_ENCL ................ TOTAL Result Count = 0 (0)
RULECHECK R_02.03_VTN1_SPC ...................... TOTAL Result Count = 0 (0)
RULECHECK R_02.04_VTN1_SPC_CHAN_FIELD ........... TOTAL Result Count = 0 (0)
RULECHECK R_02.05_VTN1_SPC_CHAN_ACT ............. TOTAL Result Count = 0 (0)
RULECHECK R_02.06_VTN1_SBCGATE_ENCL ............. TOTAL Result Count = 0 (0)
RULECHECK R_02.07_VTN1_IBC_RECT ................. TOTAL Result Count = 0 (0)
RULECHECK R_02.08_VTN1_AREA ..................... TOTAL Result Count = 0 (0)
RULECHECK R_02.09_VTN1_VTP_OVERLAP .............. TOTAL Result Count = 0 (0)
RULECHECK W_02.01_VTN1_PMOS ..................... TOTAL Result Count = 0 (0)
RULECHECK R_03.001_VTP1_GRID .................... TOTAL Result Count = 0 (0)
RULECHECK R_03.01_VTP1_WIDTH .................... TOTAL Result Count = 0 (0)
RULECHECK R_03.02_VTP1_CHAN_ENCL ................ TOTAL Result Count = 0 (0)
RULECHECK R_03.03_VTP1_SPC ...................... TOTAL Result Count = 0 (0)
RULECHECK R_03.04_VTP1_SPC_CHAN_FIELD ........... TOTAL Result Count = 0 (0)
RULECHECK R_03.05_VTP1_SPC_CHAN_ACT ............. TOTAL Result Count = 0 (0)
RULECHECK R_03.06_VTP1_SBCGATE_ENCL ............. TOTAL Result Count = 0 (0)
RULECHECK R_03.07_VTP1_IBC_RECT ................. TOTAL Result Count = 0 (0)
RULECHECK R_03.08_VTP1_AREA ..................... TOTAL Result Count = 0 (0)
RULECHECK R_03.09_VTP1_VTN_OVERLAP .............. TOTAL Result Count = 0 (0)
RULECHECK W_03.01_VTP1_NMOS ..................... TOTAL Result Count = 0 (0)
RULECHECK R_04.001_VTN2_GRID .................... TOTAL Result Count = 0 (0)
RULECHECK R_04.01_VTN2_WIDTH .................... TOTAL Result Count = 0 (0)
RULECHECK R_04.02_VTN2_CHAN_ENCL ................ TOTAL Result Count = 0 (0)
RULECHECK R_04.03_VTN2_SPC ...................... TOTAL Result Count = 0 (0)
RULECHECK R_04.04_VTN2_SPC_CHAN_FIELD ........... TOTAL Result Count = 0 (0)
RULECHECK R_04.05_VTN2_SPC_CHAN_ACT ............. TOTAL Result Count = 0 (0)
RULECHECK R_04.06_VTN2_SBCGATE_ENCL ............. TOTAL Result Count = 0 (0)
RULECHECK R_04.07_VTN2_IBC_RECT ................. TOTAL Result Count = 0 (0)
RULECHECK R_04.08_VTN2_AREA ..................... TOTAL Result Count = 0 (0)
RULECHECK R_04.09_VTN2_VTP_OVERLAP .............. TOTAL Result Count = 0 (0)
RULECHECK W_04.01_VTN2_PMOS ..................... TOTAL Result Count = 0 (0)
RULECHECK R_05.001_VTP2_GRID .................... TOTAL Result Count = 0 (0)
RULECHECK R_05.01_VTP2_WIDTH .................... TOTAL Result Count = 0 (0)
RULECHECK R_05.02_VTP2_CHAN_ENCL ................ TOTAL Result Count = 0 (0)
RULECHECK R_05.03_VTP2_SPC ...................... TOTAL Result Count = 0 (0)
RULECHECK R_05.04_VTP2_SPC_CHAN_FIELD ........... TOTAL Result Count = 0 (0)
RULECHECK R_05.05_VTP2_SPC_CHAN_ACT ............. TOTAL Result Count = 0 (0)
RULECHECK R_05.06_VTP2_SBCGATE_ENCL ............. TOTAL Result Count = 0 (0)
RULECHECK R_05.07_VTP2_IBC_RECT ................. TOTAL Result Count = 0 (0)
RULECHECK R_05.08_VTP2_AREA ..................... TOTAL Result Count = 0 (0)
RULECHECK R_05.09_VTP2_VTN_OVERLAP .............. TOTAL Result Count = 0 (0)
RULECHECK W_05.01_VTP2_NMOS ..................... TOTAL Result Count = 0 (0)
RULECHECK R_06.002_INVALID_VTN3 ................. TOTAL Result Count = 0 (0)
RULECHECK R_07.INVALID_NO_VTP3 .................. TOTAL Result Count = 0 (0)
RULECHECK R_08.001_CAPP_GRID .................... TOTAL Result Count = 0 (0)
RULECHECK R_08.01_CAPP_WIDTH .................... TOTAL Result Count = 0 (0)
RULECHECK R_08.02_CAPP_SPC ...................... TOTAL Result Count = 0 (0)
RULECHECK R_08.03_CAPP_SPC_NMOS ................. TOTAL Result Count = 0 (0)
RULECHECK R_08.04_CAPP_SPC_NMOS_ACT ............. TOTAL Result Count = 0 (0)
RULECHECK R_09.002_INVALID_CAPN ................. TOTAL Result Count = 0 (0)
RULECHECK R_12.001_POLY_GRID .................... TOTAL Result Count = 0 (0)
RULECHECK R_12.01_POLY_WIDTH .................... TOTAL Result Count = 0 (0)
RULECHECK R_12.02_POLY_SPC ...................... TOTAL Result Count = 0 (0)
RULECHECK R_12.04_POLY_SPCACT ................... TOTAL Result Count = 0 (0)
RULECHECK R_12.05_POLY_SPC_GATE ................. TOTAL Result Count = 0 (0)
RULECHECK R_12.06_POLY_EXT ...................... TOTAL Result Count = 0 (0)
RULECHECK R_12.07_POLY_GATE_SDIMP ............... TOTAL Result Count = 0 (0)
RULECHECK R_12.08_POLYFIL_ISOLATION ............. TOTAL Result Count = 0 (0)
RULECHECK R_12.10_POLY_AREA ..................... TOTAL Result Count = 0 (0)
RULECHECK R_12.11_POLY_NOSDIMP .................. TOTAL Result Count = 0 (0)
RULECHECK R_12.12_POLY_CAPP ..................... TOTAL Result Count = 0 (0)
RULECHECK W_12.01_POLY_NOCON .................... TOTAL Result Count = 0 (0)
RULECHECK R_13.001_FLGCHAN_GRID ................. TOTAL Result Count = 0 (0)
RULECHECK R_13.01_FLGCHAN_GATE .................. TOTAL Result Count = 0 (0)
RULECHECK R_13.02_FLGCHAN_MIN_CHAN_WDTH ......... TOTAL Result Count = 0 (0)
RULECHECK R_13.03_FLGCHAN_MAX_CHAN_WDTH ......... TOTAL Result Count = 0 (0)
RULECHECK R_13.04_FLGCHAN_GATE_EXT .............. TOTAL Result Count = 0 (0)
RULECHECK R_13.05_FLGCHAN_EXT_IMP ............... TOTAL Result Count = 0 (0)
RULECHECK R_13.06_FLGCHAN_FORM .................. TOTAL Result Count = 0 (0)
RULECHECK R_15.001_NSD_GRID ..................... TOTAL Result Count = 0 (0)
RULECHECK R_15.01_NSD_WIDTH ..................... TOTAL Result Count = 0 (0)
RULECHECK R_15.02_NSD_PSD_GATE .................. TOTAL Result Count = 0 (0)
RULECHECK R_15.03_NSD_NCHAN_SUR ................. TOTAL Result Count = 0 (0)
RULECHECK R_15.04_NSD_ACT_EXT ................... TOTAL Result Count = 0 (0)
RULECHECK R_15.05_NSD_SPC ....................... TOTAL Result Count = 0 (0)
RULECHECK R_15.06_NSD_PSD_OVERLAP ............... TOTAL Result Count = 0 (0)
RULECHECK R_15.07_NSD_PCHAN_NOACT_SPC ........... TOTAL Result Count = 0 (0)
RULECHECK R_15.08_NSD_PCHAN_ACT_SPC ............. TOTAL Result Count = 0 (0)
RULECHECK R_15.09_NSD_GATE_OVERLAP .............. TOTAL Result Count = 0 (0)
RULECHECK R_15.11_NSD_BC_EXT .................... TOTAL Result Count = 0 (0)
RULECHECK R_15.12_NSD_WIDTH_NOT_NOSDX ........... TOTAL Result Count = 0 (0)
RULECHECK R_15.13_NSD_WIDTH_NOT_NODEG ........... TOTAL Result Count = 0 (0)
RULECHECK R_15.14_NSD_ACT_SPC ................... TOTAL Result Count = 0 (0)
RULECHECK R_15.15_NSD_PSD_FIELD_POLY_SUR ........ TOTAL Result Count = 0 (0)
RULECHECK R_15.16_NSD_PSD_ACT ................... TOTAL Result Count = 0 (0)
RULECHECK R_16.001_PSD_GRID ..................... TOTAL Result Count = 0 (0)
RULECHECK R_16.01_PSD_WIDTH ..................... TOTAL Result Count = 0 (0)
RULECHECK R_16.03_PSD_PCHAN_SUR ................. TOTAL Result Count = 0 (0)
RULECHECK R_16.04_PSD_ACT_EXT ................... TOTAL Result Count = 0 (0)
RULECHECK R_16.05_PSD_SPC ....................... TOTAL Result Count = 0 (0)
RULECHECK R_16.07_PSD_NCHAN_NOACT_SPC ........... TOTAL Result Count = 0 (0)
RULECHECK R_16.08_PSD_NCHAN_ACT_SPC ............. TOTAL Result Count = 0 (0)
RULECHECK R_16.09_PSD_GATE_OVERLAP .............. TOTAL Result Count = 0 (0)
RULECHECK R_16.10_PSD_SUR_POLY_CAP .............. TOTAL Result Count = 0 (0)
RULECHECK R_16.11_PSD_BC_EXT .................... TOTAL Result Count = 0 (0)
RULECHECK R_16.12_PSD_WIDTH_NOT_NOSDX ........... TOTAL Result Count = 0 (0)
RULECHECK R_16.13_PSD_WIDTH_NOT_NODEG ........... TOTAL Result Count = 0 (0)
RULECHECK R_16.14_PSD_ACT_SPC ................... TOTAL Result Count = 0 (0)
RULECHECK R_16.17_PSD_MIN_SPC_NCHAN_BOUNDARY .... TOTAL Result Count = 0 (0)
RULECHECK R_17.001_NOSDX_GRID ................... TOTAL Result Count = 0 (0)
RULECHECK R_17.01_NOSDX_WIDTH ................... TOTAL Result Count = 0 (0)
RULECHECK R_17.02_NOSDX_SPC ..................... TOTAL Result Count = 0 (0)
RULECHECK R_17.03_NOSDX_CHAN_SPC ................ TOTAL Result Count = 0 (0)
RULECHECK R_17.04_NOSDX_SDIMP_EXT ............... TOTAL Result Count = 0 (0)
RULECHECK R_17.05_NOSDX_BC_ABUT ................. TOTAL Result Count = 0 (0)
RULECHECK R_17.06_NOSDX_EXT_ACT_POLY_NOSLC ...... TOTAL Result Count = 0 (0)
RULECHECK R_17.07_ACT_POLY_NOSLC_EXT_NOSDX ...... TOTAL Result Count = 0 (0)
RULECHECK R_18.001_NODEG_GRID ................... TOTAL Result Count = 0 (0)
RULECHECK R_18.01_NODEG_WIDTH ................... TOTAL Result Count = 0 (0)
RULECHECK R_18.02_NODEG_SPC ..................... TOTAL Result Count = 0 (0)
RULECHECK R_18.03_NODEG_CHAN_SPC ................ TOTAL Result Count = 0 (0)
RULECHECK R_18.04_NODEG_SDIMP_EXT ............... TOTAL Result Count = 0 (0)
RULECHECK R_19.002_INVALID_THKOX ................ TOTAL Result Count = 0 (0)
RULECHECK R_20.001_NOSLC_GRID ................... TOTAL Result Count = 0 (0)
RULECHECK R_20.01_NOSLC_WIDTH ................... TOTAL Result Count = 0 (0)
RULECHECK R_20.02_NOSLC_SPC ..................... TOTAL Result Count = 0 (0)
RULECHECK R_20.03_NOSLC_ACT_POLY_SPC ............ TOTAL Result Count = 0 (0)
RULECHECK R_20.04_NOSLC_POLY_ONACT_SPC .......... TOTAL Result Count = 0 (0)
RULECHECK R_20.05_NOSLC_ACT_POLY_EXT ............ TOTAL Result Count = 0 (0)
RULECHECK R_20.06_NOSLC_CON_SPACE ............... TOTAL Result Count = 0 (0)
RULECHECK R_20.07_NOSLC_TGSRF_SPACE ............. TOTAL Result Count = 0 (0)
RULECHECK R_20.08_NOSLC_AREA .................... TOTAL Result Count = 0 (0)
RULECHECK R_20.09_NOSLC_POLY_OVERLAP ............ TOTAL Result Count = 0 (0)
RULECHECK R_20.10_NOSLC_POLY_EXT ................ TOTAL Result Count = 0 (0)
RULECHECK R_20.1112_NOSLC_MIN_NSD_PSD_OVERLAP ... TOTAL Result Count = 0 (0)
RULECHECK R_20.13_NOSLC_NSD_PSD_EXT ............. TOTAL Result Count = 0 (0)
RULECHECK R_27.001_CON_GRID ..................... TOTAL Result Count = 0 (0)
RULECHECK R_27.01_CON_WIDTH ..................... TOTAL Result Count = 0 (0)
RULECHECK R_27.02_CON_SP ........................ TOTAL Result Count = 0 (0)
RULECHECK R_27.03_CON_ACT_SUR ................... TOTAL Result Count = 0 (0)
RULECHECK R_27.04_CON_POLY_SUR .................. TOTAL Result Count = 0 (0)
RULECHECK R_27.05_CON_POLY_SP ................... TOTAL Result Count = 0 (0)
RULECHECK R_27.06_CON_ACT_SP .................... TOTAL Result Count = 0 (0)
RULECHECK R_27.07_CON_SDIMP ..................... TOTAL Result Count = 0 (0)
RULECHECK R_27.08_CON_NOLAND .................... TOTAL Result Count = 0 (0)
RULECHECK W_27.01_TGSRF_CON_GATE ................ TOTAL Result Count = 0 (0)
RULECHECK R_28.001_TGSRF_GRID ................... TOTAL Result Count = 0 (0)
RULECHECK R_28.01_TGSRF_WIDTH ................... TOTAL Result Count = 0 (0)
RULECHECK R_28.02_TGSRF_SPC ..................... TOTAL Result Count = 0 (0)
RULECHECK R_28.03_TGSRF_CON_SPC ................. TOTAL Result Count = 0 (0)
RULECHECK R_28.04_TGSRF_POLY_SUR ................ TOTAL Result Count = 0 (0)
RULECHECK R_28.05_TGSRF_SDIMP ................... TOTAL Result Count = 0 (0)
RULECHECK R_28.07_TGSRF_CON ..................... TOTAL Result Count = 0 (0)
RULECHECK R_28.08_TGSRF_AREA .................... TOTAL Result Count = 0 (0)
RULECHECK R_29.001_M1_GRID ...................... TOTAL Result Count = 0 (0)
RULECHECK R_29.01_M1_WIDTH ...................... TOTAL Result Count = 0 (0)
RULECHECK R_29.02_M1_SPC ........................ TOTAL Result Count = 0 (0)
RULECHECK R_29.03_M1_SPC_0p75 ................... TOTAL Result Count = 0 (0)
RULECHECK R_29.04_M1_SPC_3p0 .................... TOTAL Result Count = 0 (0)
RULECHECK R_29.05_M1_SPC_10p0 ................... TOTAL Result Count = 0 (0)
RULECHECK R_29.06_M1_CON_SUR .................... TOTAL Result Count = 0 (0)
RULECHECK R_29.07_M1_CON_SUR_2_SIDES ............ TOTAL Result Count = 0 (0)
RULECHECK R_29.09_M1_TGSRF ...................... TOTAL Result Count = 0 (0)
RULECHECK R_29.10_M1FIL_ISOLATION ............... TOTAL Result Count = 0 (0)
RULECHECK R_29.11_M1_AREA ....................... TOTAL Result Count = 0 (0)
RULECHECK R_29.13_M1PIN_NOM1 .................... TOTAL Result Count = 0 (0)
RULECHECK R_29.14_M1_EDGE_CON_20nm_left ......... TOTAL Result Count = 0 (0)
TOTAL DFM RDB Result Count = 0 (0)
RULECHECK R_29.14_M1_EDGE_CON_20nm_right ........ TOTAL Result Count = 0 (0)
TOTAL DFM RDB Result Count = 0 (0)
RULECHECK R_29.14_M1_EDGE_CON_20nm_top .......... TOTAL Result Count = 0 (0)
TOTAL DFM RDB Result Count = 0 (0)
RULECHECK R_29.14_M1_EDGE_CON_20nm_bottom ....... TOTAL Result Count = 0 (0)
TOTAL DFM RDB Result Count = 0 (0)
RULECHECK R_29.14_M1_EDGE_CON_40nm_left ......... TOTAL Result Count = 0 (0)
TOTAL DFM RDB Result Count = 0 (0)
RULECHECK R_29.14_M1_EDGE_CON_40nm_right ........ TOTAL Result Count = 0 (0)
TOTAL DFM RDB Result Count = 0 (0)
RULECHECK R_29.14_M1_EDGE_CON_40nm_top .......... TOTAL Result Count = 0 (0)
TOTAL DFM RDB Result Count = 0 (0)
RULECHECK R_29.14_M1_EDGE_CON_40nm_bottom ....... TOTAL Result Count = 0 (0)
TOTAL DFM RDB Result Count = 0 (0)
RULECHECK R_29.14_M1_EDGE_CON_60nm_left ......... TOTAL Result Count = 0 (0)
TOTAL DFM RDB Result Count = 0 (0)
RULECHECK R_29.14_M1_EDGE_CON_60nm_right ........ TOTAL Result Count = 0 (0)
TOTAL DFM RDB Result Count = 0 (0)
RULECHECK R_29.14_M1_EDGE_CON_60nm_top .......... TOTAL Result Count = 0 (0)
TOTAL DFM RDB Result Count = 0 (0)
RULECHECK R_29.14_M1_EDGE_CON_60nm_bottom ....... TOTAL Result Count = 0 (0)
TOTAL DFM RDB Result Count = 0 (0)
RULECHECK R_29.14_M1_EDGE_CON_80nm_left ......... TOTAL Result Count = 0 (0)
TOTAL DFM RDB Result Count = 0 (0)
RULECHECK R_29.14_M1_EDGE_CON_80nm_right ........ TOTAL Result Count = 0 (0)
TOTAL DFM RDB Result Count = 0 (0)
RULECHECK R_29.14_M1_EDGE_CON_80nm_top .......... TOTAL Result Count = 0 (0)
TOTAL DFM RDB Result Count = 0 (0)
RULECHECK R_29.14_M1_EDGE_CON_80nm_bottom ....... TOTAL Result Count = 0 (0)
TOTAL DFM RDB Result Count = 0 (0)
RULECHECK R_29.14_M1_EDGE_CON_100nm_left ........ TOTAL Result Count = 0 (0)
TOTAL DFM RDB Result Count = 0 (0)
RULECHECK R_29.14_M1_EDGE_CON_100nm_right ....... TOTAL Result Count = 0 (0)
TOTAL DFM RDB Result Count = 0 (0)
RULECHECK R_29.14_M1_EDGE_CON_100nm_top ......... TOTAL Result Count = 0 (0)
TOTAL DFM RDB Result Count = 0 (0)
RULECHECK R_29.14_M1_EDGE_CON_100nm_bottom ...... TOTAL Result Count = 0 (0)
TOTAL DFM RDB Result Count = 0 (0)
RULECHECK R_29.14_M1_EDGE_CON_120nm_left ........ TOTAL Result Count = 0 (0)
TOTAL DFM RDB Result Count = 0 (0)
RULECHECK R_29.14_M1_EDGE_CON_120nm_right ....... TOTAL Result Count = 0 (0)
TOTAL DFM RDB Result Count = 0 (0)
RULECHECK R_29.14_M1_EDGE_CON_120nm_top ......... TOTAL Result Count = 0 (0)
TOTAL DFM RDB Result Count = 0 (0)
RULECHECK R_29.14_M1_EDGE_CON_120nm_bottom ...... TOTAL Result Count = 0 (0)
TOTAL DFM RDB Result Count = 0 (0)
RULECHECK R_30.001_V12_GRID ..................... TOTAL Result Count = 0 (0)
RULECHECK R_30.01_V12_WIDTH ..................... TOTAL Result Count = 0 (0)
RULECHECK R_30.02_V12_SP ........................ TOTAL Result Count = 0 (0)
RULECHECK R_30.03_V12_M1_SUR .................... TOTAL Result Count = 0 (0)
RULECHECK R_30.04_V12_M1_SUR_2_SIDES ............ TOTAL Result Count = 0 (0)
RULECHECK R_30.06_V12_M1 ........................ TOTAL Result Count = 0 (0)
RULECHECK R_31.002_INVALID_OGCM1 ................ TOTAL Result Count = 0 (0)
RULECHECK R_32.001_M2_GRID ...................... TOTAL Result Count = 0 (0)
RULECHECK R_32.01_M2_WIDTH ...................... TOTAL Result Count = 0 (0)
RULECHECK R_32.02_M2_SPC ........................ TOTAL Result Count = 0 (0)
RULECHECK R_32.03_M2_SPC_0p75 ................... TOTAL Result Count = 0 (0)
RULECHECK R_32.04_M2_SPC_3p0 .................... TOTAL Result Count = 0 (0)
RULECHECK R_32.05_M2_SPC_10p0 ................... TOTAL Result Count = 0 (0)
RULECHECK R_32.06_M2_V12_SUR .................... TOTAL Result Count = 0 (0)
RULECHECK R_32.07_M2_V12_SUR_2_SIDES ............ TOTAL Result Count = 0 (0)
RULECHECK R_32.09_M2FIL_ISOLATION ............... TOTAL Result Count = 0 (0)
RULECHECK R_32.10_M2_AREA ....................... TOTAL Result Count = 0 (0)
RULECHECK R_32.13_M2PIN_NOM2 .................... TOTAL Result Count = 0 (0)
RULECHECK R_32.14_M2_EDGE_V12_20nm_left ......... TOTAL Result Count = 0 (0)
TOTAL DFM RDB Result Count = 0 (0)
RULECHECK R_32.14_M2_EDGE_V12_20nm_right ........ TOTAL Result Count = 0 (0)
TOTAL DFM RDB Result Count = 0 (0)
RULECHECK R_32.14_M2_EDGE_V12_20nm_top .......... TOTAL Result Count = 0 (0)
TOTAL DFM RDB Result Count = 0 (0)
RULECHECK R_32.14_M2_EDGE_V12_20nm_bottom ....... TOTAL Result Count = 0 (0)
TOTAL DFM RDB Result Count = 0 (0)
RULECHECK R_32.14_M2_EDGE_V12_40nm_left ......... TOTAL Result Count = 0 (0)
TOTAL DFM RDB Result Count = 0 (0)
RULECHECK R_32.14_M2_EDGE_V12_40nm_right ........ TOTAL Result Count = 0 (0)
TOTAL DFM RDB Result Count = 0 (0)
RULECHECK R_32.14_M2_EDGE_V12_40nm_top .......... TOTAL Result Count = 0 (0)
TOTAL DFM RDB Result Count = 0 (0)
RULECHECK R_32.14_M2_EDGE_V12_40nm_bottom ....... TOTAL Result Count = 0 (0)
TOTAL DFM RDB Result Count = 0 (0)
RULECHECK R_32.14_M2_EDGE_V12_60nm_left ......... TOTAL Result Count = 0 (0)
TOTAL DFM RDB Result Count = 0 (0)
RULECHECK R_32.14_M2_EDGE_V12_60nm_right ........ TOTAL Result Count = 0 (0)
TOTAL DFM RDB Result Count = 0 (0)
RULECHECK R_32.14_M2_EDGE_V12_60nm_top .......... TOTAL Result Count = 0 (0)
TOTAL DFM RDB Result Count = 0 (0)
RULECHECK R_32.14_M2_EDGE_V12_60nm_bottom ....... TOTAL Result Count = 0 (0)
TOTAL DFM RDB Result Count = 0 (0)
RULECHECK R_32.14_M2_EDGE_V12_80nm_left ......... TOTAL Result Count = 0 (0)
TOTAL DFM RDB Result Count = 0 (0)
RULECHECK R_32.14_M2_EDGE_V12_80nm_right ........ TOTAL Result Count = 0 (0)
TOTAL DFM RDB Result Count = 0 (0)
RULECHECK R_32.14_M2_EDGE_V12_80nm_top .......... TOTAL Result Count = 0 (0)
TOTAL DFM RDB Result Count = 0 (0)
RULECHECK R_32.14_M2_EDGE_V12_80nm_bottom ....... TOTAL Result Count = 0 (0)
TOTAL DFM RDB Result Count = 0 (0)
RULECHECK R_32.14_M2_EDGE_V12_100nm_left ........ TOTAL Result Count = 0 (0)
TOTAL DFM RDB Result Count = 0 (0)
RULECHECK R_32.14_M2_EDGE_V12_100nm_right ....... TOTAL Result Count = 0 (0)
TOTAL DFM RDB Result Count = 0 (0)
RULECHECK R_32.14_M2_EDGE_V12_100nm_top ......... TOTAL Result Count = 0 (0)
TOTAL DFM RDB Result Count = 0 (0)
RULECHECK R_32.14_M2_EDGE_V12_100nm_bottom ...... TOTAL Result Count = 0 (0)
TOTAL DFM RDB Result Count = 0 (0)
RULECHECK R_32.14_M2_EDGE_V12_120nm_left ........ TOTAL Result Count = 0 (0)
TOTAL DFM RDB Result Count = 0 (0)
RULECHECK R_32.14_M2_EDGE_V12_120nm_right ....... TOTAL Result Count = 0 (0)
TOTAL DFM RDB Result Count = 0 (0)
RULECHECK R_32.14_M2_EDGE_V12_120nm_top ......... TOTAL Result Count = 0 (0)
TOTAL DFM RDB Result Count = 0 (0)
RULECHECK R_32.14_M2_EDGE_V12_120nm_bottom ...... TOTAL Result Count = 0 (0)
TOTAL DFM RDB Result Count = 0 (0)
RULECHECK R_33.001_V23_GRID ..................... TOTAL Result Count = 0 (0)
RULECHECK R_33.01_V23_WIDTH ..................... TOTAL Result Count = 0 (0)
RULECHECK R_33.02_V23_SP ........................ TOTAL Result Count = 0 (0)
RULECHECK R_33.03_V23_M2_SUR .................... TOTAL Result Count = 0 (0)
RULECHECK R_33.04_V23_M2_SUR_2_SIDES ............ TOTAL Result Count = 0 (0)
RULECHECK R_33.06_V23_M2 ........................ TOTAL Result Count = 0 (0)
RULECHECK R_34.001_M3_GRID ...................... TOTAL Result Count = 0 (0)
RULECHECK R_34.01_M3_WIDTH ...................... TOTAL Result Count = 0 (0)
RULECHECK R_34.02_M3_SPC ........................ TOTAL Result Count = 0 (0)
RULECHECK R_34.03_M3_SPC_0p75 ................... TOTAL Result Count = 0 (0)
RULECHECK R_34.04_M3_SPC_3p0 .................... TOTAL Result Count = 0 (0)
RULECHECK R_34.05_M3_SPC_10p0 ................... TOTAL Result Count = 0 (0)
RULECHECK R_34.06_M3_V23_SUR .................... TOTAL Result Count = 0 (0)
RULECHECK R_34.07_M3_V23_SUR_2_SIDES ............ TOTAL Result Count = 0 (0)
RULECHECK R_34.09_M3FIL_ISOLATION ............... TOTAL Result Count = 0 (0)
RULECHECK R_34.10_M3_AREA ....................... TOTAL Result Count = 0 (0)
RULECHECK R_34.13_M3PIN_NOM3 .................... TOTAL Result Count = 0 (0)
RULECHECK R_34.14_M3_EDGE_V23_20nm_left ......... TOTAL Result Count = 0 (0)
TOTAL DFM RDB Result Count = 0 (0)
RULECHECK R_34.14_M3_EDGE_V23_20nm_right ........ TOTAL Result Count = 0 (0)
TOTAL DFM RDB Result Count = 0 (0)
RULECHECK R_34.14_M3_EDGE_V23_20nm_top .......... TOTAL Result Count = 0 (0)
TOTAL DFM RDB Result Count = 0 (0)
RULECHECK R_34.14_M3_EDGE_V23_20nm_bottom ....... TOTAL Result Count = 0 (0)
TOTAL DFM RDB Result Count = 0 (0)
RULECHECK R_34.14_M3_EDGE_V23_40nm_left ......... TOTAL Result Count = 0 (0)
TOTAL DFM RDB Result Count = 0 (0)
RULECHECK R_34.14_M3_EDGE_V23_40nm_right ........ TOTAL Result Count = 0 (0)
TOTAL DFM RDB Result Count = 0 (0)
RULECHECK R_34.14_M3_EDGE_V23_40nm_top .......... TOTAL Result Count = 0 (0)
TOTAL DFM RDB Result Count = 0 (0)
RULECHECK R_34.14_M3_EDGE_V23_40nm_bottom ....... TOTAL Result Count = 0 (0)
TOTAL DFM RDB Result Count = 0 (0)
RULECHECK R_34.14_M3_EDGE_V23_60nm_left ......... TOTAL Result Count = 0 (0)
TOTAL DFM RDB Result Count = 0 (0)
RULECHECK R_34.14_M3_EDGE_V23_60nm_right ........ TOTAL Result Count = 0 (0)
TOTAL DFM RDB Result Count = 0 (0)
RULECHECK R_34.14_M3_EDGE_V23_60nm_top .......... TOTAL Result Count = 0 (0)
TOTAL DFM RDB Result Count = 0 (0)
RULECHECK R_34.14_M3_EDGE_V23_60nm_bottom ....... TOTAL Result Count = 0 (0)
TOTAL DFM RDB Result Count = 0 (0)
RULECHECK R_34.14_M3_EDGE_V23_80nm_left ......... TOTAL Result Count = 0 (0)
TOTAL DFM RDB Result Count = 0 (0)
RULECHECK R_34.14_M3_EDGE_V23_80nm_right ........ TOTAL Result Count = 0 (0)
TOTAL DFM RDB Result Count = 0 (0)
RULECHECK R_34.14_M3_EDGE_V23_80nm_top .......... TOTAL Result Count = 0 (0)
TOTAL DFM RDB Result Count = 0 (0)
RULECHECK R_34.14_M3_EDGE_V23_80nm_bottom ....... TOTAL Result Count = 0 (0)
TOTAL DFM RDB Result Count = 0 (0)
RULECHECK R_34.14_M3_EDGE_V23_100nm_left ........ TOTAL Result Count = 0 (0)
TOTAL DFM RDB Result Count = 0 (0)
RULECHECK R_34.14_M3_EDGE_V23_100nm_right ....... TOTAL Result Count = 0 (0)
TOTAL DFM RDB Result Count = 0 (0)
RULECHECK R_34.14_M3_EDGE_V23_100nm_top ......... TOTAL Result Count = 0 (0)
TOTAL DFM RDB Result Count = 0 (0)
RULECHECK R_34.14_M3_EDGE_V23_100nm_bottom ...... TOTAL Result Count = 0 (0)
TOTAL DFM RDB Result Count = 0 (0)
RULECHECK R_34.14_M3_EDGE_V23_120nm_left ........ TOTAL Result Count = 0 (0)
TOTAL DFM RDB Result Count = 0 (0)
RULECHECK R_34.14_M3_EDGE_V23_120nm_right ....... TOTAL Result Count = 0 (0)
TOTAL DFM RDB Result Count = 0 (0)
RULECHECK R_34.14_M3_EDGE_V23_120nm_top ......... TOTAL Result Count = 0 (0)
TOTAL DFM RDB Result Count = 0 (0)
RULECHECK R_34.14_M3_EDGE_V23_120nm_bottom ...... TOTAL Result Count = 0 (0)
TOTAL DFM RDB Result Count = 0 (0)
RULECHECK R_35.001_V34_GRID ..................... TOTAL Result Count = 0 (0)
RULECHECK R_35.01_V34_WIDTH ..................... TOTAL Result Count = 0 (0)
RULECHECK R_35.02_V34_SP ........................ TOTAL Result Count = 0 (0)
RULECHECK R_35.03_V34_M3_SUR .................... TOTAL Result Count = 0 (0)
RULECHECK R_35.04_V34_M3_SUR_2_SIDES ............ TOTAL Result Count = 0 (0)
RULECHECK R_35.06_V34_M3 ........................ TOTAL Result Count = 0 (0)
RULECHECK R_36.001_M4_GRID ...................... TOTAL Result Count = 0 (0)
RULECHECK R_36.01_M4_WIDTH ...................... TOTAL Result Count = 0 (0)
RULECHECK R_36.02_M4_SPC ........................ TOTAL Result Count = 0 (0)
RULECHECK R_36.03_M4_SPC_0p75 ................... TOTAL Result Count = 0 (0)
RULECHECK R_36.04_M4_SPC_3p0 .................... TOTAL Result Count = 0 (0)
RULECHECK R_36.05_M4_SPC_10p0 ................... TOTAL Result Count = 0 (0)
RULECHECK R_36.06_M4_V34_SUR .................... TOTAL Result Count = 0 (0)
RULECHECK R_36.07_M4_V34_SUR_2_SIDES ............ TOTAL Result Count = 0 (0)
RULECHECK R_36.09_M4FIL_ISOLATION ............... TOTAL Result Count = 0 (0)
RULECHECK R_36.10_M4_AREA ....................... TOTAL Result Count = 0 (0)
RULECHECK R_36.13_M4PIN_NOM4 .................... TOTAL Result Count = 0 (0)
RULECHECK R_36.14_M4_EDGE_V34_20nm_left ......... TOTAL Result Count = 0 (0)
TOTAL DFM RDB Result Count = 0 (0)
RULECHECK R_36.14_M4_EDGE_V34_20nm_right ........ TOTAL Result Count = 0 (0)
TOTAL DFM RDB Result Count = 0 (0)
RULECHECK R_36.14_M4_EDGE_V34_20nm_top .......... TOTAL Result Count = 0 (0)
TOTAL DFM RDB Result Count = 0 (0)
RULECHECK R_36.14_M4_EDGE_V34_20nm_bottom ....... TOTAL Result Count = 0 (0)
TOTAL DFM RDB Result Count = 0 (0)
RULECHECK R_36.14_M4_EDGE_V34_40nm_left ......... TOTAL Result Count = 0 (0)
TOTAL DFM RDB Result Count = 0 (0)
RULECHECK R_36.14_M4_EDGE_V34_40nm_right ........ TOTAL Result Count = 0 (0)
TOTAL DFM RDB Result Count = 0 (0)
RULECHECK R_36.14_M4_EDGE_V34_40nm_top .......... TOTAL Result Count = 0 (0)
TOTAL DFM RDB Result Count = 0 (0)
RULECHECK R_36.14_M4_EDGE_V34_40nm_bottom ....... TOTAL Result Count = 0 (0)
TOTAL DFM RDB Result Count = 0 (0)
RULECHECK R_36.14_M4_EDGE_V34_60nm_left ......... TOTAL Result Count = 0 (0)
TOTAL DFM RDB Result Count = 0 (0)
RULECHECK R_36.14_M4_EDGE_V34_60nm_right ........ TOTAL Result Count = 0 (0)
TOTAL DFM RDB Result Count = 0 (0)
RULECHECK R_36.14_M4_EDGE_V34_60nm_top .......... TOTAL Result Count = 0 (0)
TOTAL DFM RDB Result Count = 0 (0)
RULECHECK R_36.14_M4_EDGE_V34_60nm_bottom ....... TOTAL Result Count = 0 (0)
TOTAL DFM RDB Result Count = 0 (0)
RULECHECK R_36.14_M4_EDGE_V34_80nm_left ......... TOTAL Result Count = 0 (0)
TOTAL DFM RDB Result Count = 0 (0)
RULECHECK R_36.14_M4_EDGE_V34_80nm_right ........ TOTAL Result Count = 0 (0)
TOTAL DFM RDB Result Count = 0 (0)
RULECHECK R_36.14_M4_EDGE_V34_80nm_top .......... TOTAL Result Count = 0 (0)
TOTAL DFM RDB Result Count = 0 (0)
RULECHECK R_36.14_M4_EDGE_V34_80nm_bottom ....... TOTAL Result Count = 0 (0)
TOTAL DFM RDB Result Count = 0 (0)
RULECHECK R_36.14_M4_EDGE_V34_100nm_left ........ TOTAL Result Count = 0 (0)
TOTAL DFM RDB Result Count = 0 (0)
RULECHECK R_36.14_M4_EDGE_V34_100nm_right ....... TOTAL Result Count = 0 (0)
TOTAL DFM RDB Result Count = 0 (0)
RULECHECK R_36.14_M4_EDGE_V34_100nm_top ......... TOTAL Result Count = 0 (0)
TOTAL DFM RDB Result Count = 0 (0)
RULECHECK R_36.14_M4_EDGE_V34_100nm_bottom ...... TOTAL Result Count = 0 (0)
TOTAL DFM RDB Result Count = 0 (0)
RULECHECK R_36.14_M4_EDGE_V34_120nm_left ........ TOTAL Result Count = 0 (0)
TOTAL DFM RDB Result Count = 0 (0)
RULECHECK R_36.14_M4_EDGE_V34_120nm_right ....... TOTAL Result Count = 0 (0)
TOTAL DFM RDB Result Count = 0 (0)
RULECHECK R_36.14_M4_EDGE_V34_120nm_top ......... TOTAL Result Count = 0 (0)
TOTAL DFM RDB Result Count = 0 (0)
RULECHECK R_36.14_M4_EDGE_V34_120nm_bottom ...... TOTAL Result Count = 0 (0)
TOTAL DFM RDB Result Count = 0 (0)
RULECHECK R_37.001_V45_GRID ..................... TOTAL Result Count = 0 (0)
RULECHECK R_37.01_V45_WIDTH ..................... TOTAL Result Count = 0 (0)
RULECHECK R_37.02_V45_SP ........................ TOTAL Result Count = 0 (0)
RULECHECK R_37.03_V45_M4_SUR .................... TOTAL Result Count = 0 (0)
RULECHECK R_37.04_V45_M4_SUR_2_SIDES ............ TOTAL Result Count = 0 (0)
RULECHECK R_37.06_V45_M4 ........................ TOTAL Result Count = 0 (0)
RULECHECK R_38.001_M5_GRID ...................... TOTAL Result Count = 0 (0)
RULECHECK R_38.01_M5_WIDTH ...................... TOTAL Result Count = 0 (0)
RULECHECK R_38.02_M5_SPC ........................ TOTAL Result Count = 0 (0)
RULECHECK R_38.03_M5_SPC_0p75 ................... TOTAL Result Count = 0 (0)
RULECHECK R_38.04_M5_SPC_3p0 .................... TOTAL Result Count = 0 (0)
RULECHECK R_38.05_M5_SPC_10p0 ................... TOTAL Result Count = 0 (0)
RULECHECK R_38.06_M5_V45_SUR .................... TOTAL Result Count = 0 (0)
RULECHECK R_38.07_M5_V45_SUR_2_SIDES ............ TOTAL Result Count = 0 (0)
RULECHECK R_38.09_M5FIL_ISOLATION ............... TOTAL Result Count = 0 (0)
RULECHECK R_38.10_M5_AREA ....................... TOTAL Result Count = 0 (0)
RULECHECK R_38.13_M5PIN_NOM5 .................... TOTAL Result Count = 0 (0)
RULECHECK R_38.14_M5_EDGE_V45_20nm_left ......... TOTAL Result Count = 0 (0)
TOTAL DFM RDB Result Count = 0 (0)
RULECHECK R_38.14_M5_EDGE_V45_20nm_right ........ TOTAL Result Count = 0 (0)
TOTAL DFM RDB Result Count = 0 (0)
RULECHECK R_38.14_M5_EDGE_V45_20nm_top .......... TOTAL Result Count = 0 (0)
TOTAL DFM RDB Result Count = 0 (0)
RULECHECK R_38.14_M5_EDGE_V45_20nm_bottom ....... TOTAL Result Count = 0 (0)
TOTAL DFM RDB Result Count = 0 (0)
RULECHECK R_38.14_M5_EDGE_V45_40nm_left ......... TOTAL Result Count = 0 (0)
TOTAL DFM RDB Result Count = 0 (0)
RULECHECK R_38.14_M5_EDGE_V45_40nm_right ........ TOTAL Result Count = 0 (0)
TOTAL DFM RDB Result Count = 0 (0)
RULECHECK R_38.14_M5_EDGE_V45_40nm_top .......... TOTAL Result Count = 0 (0)
TOTAL DFM RDB Result Count = 0 (0)
RULECHECK R_38.14_M5_EDGE_V45_40nm_bottom ....... TOTAL Result Count = 0 (0)
TOTAL DFM RDB Result Count = 0 (0)
RULECHECK R_38.14_M5_EDGE_V45_60nm_left ......... TOTAL Result Count = 0 (0)
TOTAL DFM RDB Result Count = 0 (0)
RULECHECK R_38.14_M5_EDGE_V45_60nm_right ........ TOTAL Result Count = 0 (0)
TOTAL DFM RDB Result Count = 0 (0)
RULECHECK R_38.14_M5_EDGE_V45_60nm_top .......... TOTAL Result Count = 0 (0)
TOTAL DFM RDB Result Count = 0 (0)
RULECHECK R_38.14_M5_EDGE_V45_60nm_bottom ....... TOTAL Result Count = 0 (0)
TOTAL DFM RDB Result Count = 0 (0)
RULECHECK R_38.14_M5_EDGE_V45_80nm_left ......... TOTAL Result Count = 0 (0)
TOTAL DFM RDB Result Count = 0 (0)
RULECHECK R_38.14_M5_EDGE_V45_80nm_right ........ TOTAL Result Count = 0 (0)
TOTAL DFM RDB Result Count = 0 (0)
RULECHECK R_38.14_M5_EDGE_V45_80nm_top .......... TOTAL Result Count = 0 (0)
TOTAL DFM RDB Result Count = 0 (0)
RULECHECK R_38.14_M5_EDGE_V45_80nm_bottom ....... TOTAL Result Count = 0 (0)
TOTAL DFM RDB Result Count = 0 (0)
RULECHECK R_38.14_M5_EDGE_V45_100nm_left ........ TOTAL Result Count = 0 (0)
TOTAL DFM RDB Result Count = 0 (0)
RULECHECK R_38.14_M5_EDGE_V45_100nm_right ....... TOTAL Result Count = 0 (0)
TOTAL DFM RDB Result Count = 0 (0)
RULECHECK R_38.14_M5_EDGE_V45_100nm_top ......... TOTAL Result Count = 0 (0)
TOTAL DFM RDB Result Count = 0 (0)
RULECHECK R_38.14_M5_EDGE_V45_100nm_bottom ...... TOTAL Result Count = 0 (0)
TOTAL DFM RDB Result Count = 0 (0)
RULECHECK R_38.14_M5_EDGE_V45_120nm_left ........ TOTAL Result Count = 0 (0)
TOTAL DFM RDB Result Count = 0 (0)
RULECHECK R_38.14_M5_EDGE_V45_120nm_right ....... TOTAL Result Count = 0 (0)
TOTAL DFM RDB Result Count = 0 (0)
RULECHECK R_38.14_M5_EDGE_V45_120nm_top ......... TOTAL Result Count = 0 (0)
TOTAL DFM RDB Result Count = 0 (0)
RULECHECK R_38.14_M5_EDGE_V45_120nm_bottom ...... TOTAL Result Count = 0 (0)
TOTAL DFM RDB Result Count = 0 (0)
RULECHECK R_43.001_VK01_GRID .................... TOTAL Result Count = 0 (0)
RULECHECK R_43.01_VK01_WIDTH .................... TOTAL Result Count = 0 (0)
RULECHECK R_43.02_VK01_SP ....................... TOTAL Result Count = 0 (0)
RULECHECK R_43.03_VK01_M5_SUR ................... TOTAL Result Count = 0 (0)
RULECHECK R_43.04_VK01_M5_SUR_2_SIDES ........... TOTAL Result Count = 0 (0)
RULECHECK R_43.05_VK01_M5 ....................... TOTAL Result Count = 0 (0)
RULECHECK R_44.001_MTK1_GRID .................... TOTAL Result Count = 0 (0)
RULECHECK R_44.01_MTK1_WIDTH .................... TOTAL Result Count = 0 (0)
RULECHECK R_44.02_MTK1_SPC ...................... TOTAL Result Count = 0 (0)
RULECHECK R_44.03_MTK1_VK01_SUR ................. TOTAL Result Count = 0 (0)
RULECHECK R_44.04_MTK1FIL_ISOLATION ............. TOTAL Result Count = 0 (0)
RULECHECK R_44.05_MTK1_AREA ..................... TOTAL Result Count = 0 (0)
RULECHECK R_44.06_MTK1PIN_NOMTK1 ................ TOTAL Result Count = 0 (0)
RULECHECK R_45.001_VR01_GRID .................... TOTAL Result Count = 0 (0)
RULECHECK R_45.01_VR01_WIDTH .................... TOTAL Result Count = 0 (0)
RULECHECK R_45.02_VR01_SP ....................... TOTAL Result Count = 0 (0)
RULECHECK R_45.03_VR01_MTK1_SUR ................. TOTAL Result Count = 0 (0)
RULECHECK R_45.04_VR01_MTK1 ..................... TOTAL Result Count = 0 (0)
RULECHECK R_46.001_MRF1_GRID .................... TOTAL Result Count = 0 (0)
RULECHECK R_46.01_MRF1_WIDTH .................... TOTAL Result Count = 0 (0)
RULECHECK R_46.02_MRF1_SPC ...................... TOTAL Result Count = 0 (0)
RULECHECK R_46.03_MRF1_VR01_SUR ................. TOTAL Result Count = 0 (0)
RULECHECK R_46.04_MRF1FIL_ISOLATION ............. TOTAL Result Count = 0 (0)
RULECHECK R_46.05_MRF1_AREA ..................... TOTAL Result Count = 0 (0)
RULECHECK R_46.06_MRF1PIN_NOMRF1 ................ TOTAL Result Count = 0 (0)
RULECHECK R_49.001_OGC_GRID ..................... TOTAL Result Count = 0 (0)
RULECHECK R_49.01_OGC_WIDTH ..................... TOTAL Result Count = 0 (0)
RULECHECK R_49.02_OGC_SPC ....................... TOTAL Result Count = 0 (0)
RULECHECK R_49.03_OGC_TOPMETAL .................. TOTAL Result Count = 0 (0)
RULECHECK R_49.04_OGC_TOPMETAL_SUR .............. TOTAL Result Count = 0 (0)
RULECHECK R_49.WB.01 ............................ TOTAL Result Count = 0 (0)
RULECHECK R_49.WB.02 ............................ TOTAL Result Count = 0 (0)
RULECHECK R_52.002_INVALID_M2 ................... TOTAL Result Count = 0 (0)
RULECHECK R_52.002_INVALID_M3 ................... TOTAL Result Count = 0 (0)
RULECHECK R_52.002_INVALID_M4 ................... TOTAL Result Count = 0 (0)
RULECHECK R_55.002_INVALID_HV ................... TOTAL Result Count = 0 (0)
RULECHECK R_58.002_INVALID_XLP .................. TOTAL Result Count = 0 (0)
RULECHECK R_64.002_INVALID_BV01 ................. TOTAL Result Count = 0 (0)
RULECHECK R_65.002_INVALID_3DVC ................. TOTAL Result Count = 0 (0)
RULECHECK R_66.002_INVALID_BM1 .................. TOTAL Result Count = 0 (0)
RULECHECK R_67.002_INVALID_BOGC1 ................ TOTAL Result Count = 0 (0)
RULECHECK R_76.002_INVALID_3DVP ................. TOTAL Result Count = 0 (0)
RULECHECK R_86.002_INVALID_EXTS ................. TOTAL Result Count = 0 (0)
RULECHECK D_1.01 ................................ TOTAL Result Count = 0 (0)
RULECHECK D_1.02 ................................ TOTAL Result Count = 0 (0)
RULECHECK D_12.01 ............................... TOTAL Result Count = 0 (0)
RULECHECK D_12.02 ............................... TOTAL Result Count = 0 (0)
RULECHECK D_27.01 ............................... TOTAL Result Count = 0 (0)
RULECHECK D_29.01 ............................... TOTAL Result Count = 0 (0)
RULECHECK D_29.02a .............................. TOTAL Result Count = 0 (0)
RULECHECK D_30.01 ............................... TOTAL Result Count = 0 (0)
RULECHECK D_32.01 ............................... TOTAL Result Count = 1 (1)
RULECHECK D_32.02a .............................. TOTAL Result Count = 0 (0)
RULECHECK D_33.01 ............................... TOTAL Result Count = 0 (0)
RULECHECK D_34.01 ............................... TOTAL Result Count = 1 (1)
RULECHECK D_34.02a .............................. TOTAL Result Count = 0 (0)
RULECHECK D_35.01 ............................... TOTAL Result Count = 0 (0)
RULECHECK D_36.01 ............................... TOTAL Result Count = 1 (1)
RULECHECK D_36.02a .............................. TOTAL Result Count = 0 (0)
RULECHECK D_37.01 ............................... TOTAL Result Count = 0 (0)
RULECHECK D_38.01 ............................... TOTAL Result Count = 1 (1)
RULECHECK D_38.02a .............................. TOTAL Result Count = 0 (0)
RULECHECK D_43.01 ............................... TOTAL Result Count = 0 (0)
RULECHECK D_44.01 ............................... TOTAL Result Count = 1 (1)
RULECHECK D_44.02a .............................. TOTAL Result Count = 0 (0)
RULECHECK D_45.01 ............................... TOTAL Result Count = 0 (0)
RULECHECK D_46.01 ............................... TOTAL Result Count = 1 (1)
RULECHECK D_46.02a .............................. TOTAL Result Count = 0 (0)
RULECHECK D_1.G ................................. TOTAL Result Count = 0 (0)
RULECHECK D_12.G ................................ TOTAL Result Count = 0 (0)
RULECHECK D_29.G ................................ TOTAL Result Count = 0 (0)
RULECHECK D_32.G ................................ TOTAL Result Count = 0 (0)
RULECHECK D_34.G ................................ TOTAL Result Count = 0 (0)
RULECHECK D_36.G ................................ TOTAL Result Count = 0 (0)
RULECHECK D_38.G ................................ TOTAL Result Count = 0 (0)
RULECHECK D_44.G ................................ TOTAL Result Count = 0 (0)
RULECHECK D_46.G ................................ TOTAL Result Count = 0 (0)
RULECHECK R_ANT29.01 ............................ TOTAL Result Count = 0 (0)
RULECHECK R_ANT29.02 ............................ TOTAL Result Count = 0 (0)
RULECHECK R_ANT32.01 ............................ TOTAL Result Count = 0 (0)
RULECHECK R_ANT32.02 ............................ TOTAL Result Count = 0 (0)
RULECHECK R_ANT34.01 ............................ TOTAL Result Count = 0 (0)
RULECHECK R_ANT34.02 ............................ TOTAL Result Count = 0 (0)
RULECHECK R_ANT36.01 ............................ TOTAL Result Count = 0 (0)
RULECHECK R_ANT36.02 ............................ TOTAL Result Count = 0 (0)
RULECHECK R_ANT38.01 ............................ TOTAL Result Count = 0 (0)
RULECHECK R_ANT38.02 ............................ TOTAL Result Count = 0 (0)
RULECHECK R_ANT44.01 ............................ TOTAL Result Count = 0 (0)
RULECHECK R_ANT44.02 ............................ TOTAL Result Count = 0 (0)
RULECHECK R_ANT46.01 ............................ TOTAL Result Count = 0 (0)
RULECHECK R_ANT46.02 ............................ TOTAL Result Count = 0 (0)
----------------------------------------------------------------------------------
--- RULECHECK RESULTS STATISTICS (BY CELL)
---
CELL dig_poly_NAND_NOR2_x1 ... TOTAL Result Count = 6 (6)
    RULECHECK D_32.01 ........ TOTAL Result Count = 1 (1)
    RULECHECK D_34.01 ........ TOTAL Result Count = 1 (1)
    RULECHECK D_36.01 ........ TOTAL Result Count = 1 (1)
    RULECHECK D_38.01 ........ TOTAL Result Count = 1 (1)
    RULECHECK D_44.01 ........ TOTAL Result Count = 1 (1)
    RULECHECK D_46.01 ........ TOTAL Result Count = 1 (1)
----------------------------------------------------------------------------------
--- SUMMARY
---
TOTAL CPU Time:                  0
TOTAL REAL Time:                 1
TOTAL Original Layer Geometries: 214 (639)
TOTAL DRC RuleChecks Executed:   446
TOTAL DRC Results Generated:     6 (6)
TOTAL DFM RDB Results Generated: 0 (0)
